2025-06-24 02:26:42,380 INFO    MainThread:1757 [wandb_setup.py:_flush():81] Current SDK version is 0.20.1
2025-06-24 02:26:42,380 INFO    MainThread:1757 [wandb_setup.py:_flush():81] Configure stats pid to 1757
2025-06-24 02:26:42,380 INFO    MainThread:1757 [wandb_setup.py:_flush():81] Loading settings from /root/.config/wandb/settings
2025-06-24 02:26:42,380 INFO    MainThread:1757 [wandb_setup.py:_flush():81] Loading settings from /content/yolov5/wandb/settings
2025-06-24 02:26:42,380 INFO    MainThread:1757 [wandb_setup.py:_flush():81] Loading settings from environment variables
2025-06-24 02:26:42,380 INFO    MainThread:1757 [wandb_init.py:setup_run_log_directory():703] Logging user logs to /content/yolov5/wandb/run-20250624_022642-9nued0v4/logs/debug.log
2025-06-24 02:26:42,380 INFO    MainThread:1757 [wandb_init.py:setup_run_log_directory():704] Logging internal logs to /content/yolov5/wandb/run-20250624_022642-9nued0v4/logs/debug-internal.log
2025-06-24 02:26:42,380 INFO    MainThread:1757 [wandb_init.py:init():831] calling init triggers
2025-06-24 02:26:42,380 INFO    MainThread:1757 [wandb_init.py:init():836] wandb.init called with sweep_config: {}
config: {'weights': 'yolov5m.pt', 'cfg': '', 'data': '/content/yolov5/data/Letter_detect.yaml', 'hyp': {'lr0': 0.01, 'lrf': 0.01, 'momentum': 0.937, 'weight_decay': 0.0005, 'warmup_epochs': 3.0, 'warmup_momentum': 0.8, 'warmup_bias_lr': 0.1, 'box': 0.05, 'cls': 0.5, 'cls_pw': 1.0, 'obj': 1.0, 'obj_pw': 1.0, 'iou_t': 0.2, 'anchor_t': 4.0, 'fl_gamma': 0.0, 'hsv_h': 0.015, 'hsv_s': 0.7, 'hsv_v': 0.4, 'degrees': 0.0, 'translate': 0.1, 'scale': 0.5, 'shear': 0.0, 'perspective': 0.0, 'flipud': 0.0, 'fliplr': 0.5, 'mosaic': 1.0, 'mixup': 0.0, 'copy_paste': 0.0}, 'epochs': 50, 'batch_size': 32, 'imgsz': 640, 'rect': False, 'resume': False, 'nosave': False, 'noval': False, 'noautoanchor': False, 'noplots': False, 'evolve': None, 'evolve_population': PosixPath('data/hyps'), 'resume_evolve': None, 'bucket': '', 'cache': 'ram', 'image_weights': False, 'device': '', 'multi_scale': False, 'single_cls': False, 'optimizer': 'SGD', 'sync_bn': False, 'workers': 8, 'project': 'runs/train', 'name': 'exp', 'exist_ok': False, 'quad': False, 'cos_lr': False, 'label_smoothing': 0.0, 'patience': 100, 'freeze': [0], 'save_period': -1, 'seed': 0, 'local_rank': -1, 'entity': None, 'upload_dataset': False, 'bbox_interval': -1, 'artifact_alias': 'latest', 'ndjson_console': False, 'ndjson_file': False, 'save_dir': 'runs/train/exp', '_wandb': {}}
2025-06-24 02:26:42,380 INFO    MainThread:1757 [wandb_init.py:init():872] starting backend
2025-06-24 02:26:43,001 INFO    MainThread:1757 [wandb_init.py:init():875] sending inform_init request
2025-06-24 02:26:43,009 INFO    MainThread:1757 [wandb_init.py:init():883] backend started and connected
2025-06-24 02:26:43,013 INFO    MainThread:1757 [wandb_init.py:init():956] updated telemetry
2025-06-24 02:26:43,018 INFO    MainThread:1757 [wandb_init.py:init():980] communicating run to backend with 90.0 second timeout
2025-06-24 02:26:43,427 INFO    MainThread:1757 [wandb_init.py:init():1032] starting run threads in backend
2025-06-24 02:26:43,835 INFO    MainThread:1757 [wandb_run.py:_console_start():2453] atexit reg
2025-06-24 02:26:43,835 INFO    MainThread:1757 [wandb_run.py:_redirect():2301] redirect: wrap_raw
2025-06-24 02:26:43,836 INFO    MainThread:1757 [wandb_run.py:_redirect():2370] Wrapping output streams.
2025-06-24 02:26:43,836 INFO    MainThread:1757 [wandb_run.py:_redirect():2393] Redirects installed.
2025-06-24 02:26:43,841 INFO    MainThread:1757 [wandb_init.py:init():1078] run started, returning control to user process
2025-06-24 03:29:55,248 INFO    MainThread:1757 [wandb_run.py:_finish():2219] finishing run tringuyenminh9696-none/YOLOv5/9nued0v4
2025-06-24 03:29:55,249 INFO    MainThread:1757 [wandb_run.py:_atexit_cleanup():2418] got exitcode: 0
2025-06-24 03:29:55,249 INFO    MainThread:1757 [wandb_run.py:_restore():2400] restore
2025-06-24 03:29:55,251 INFO    MainThread:1757 [wandb_run.py:_restore():2406] restore done
2025-06-24 03:29:57,548 INFO    MainThread:1757 [wandb_run.py:_footer_history_summary_info():4000] rendering history
2025-06-24 03:29:57,549 INFO    MainThread:1757 [wandb_run.py:_footer_history_summary_info():4032] rendering summary
2025-06-24 03:29:57,550 INFO    MainThread:1757 [wandb_run.py:_footer_sync_info():3961] logging synced files
